src/components/patient/Button.tsx(4,36): error TS2339: Property 'children' does not exist on type '{}'.
src/components/patient/Button.tsx(4,46): error TS2339: Property 'variant' does not exist on type '{}'.
src/components/patient/Button.tsx(4,67): error TS2339: Property 'className' does not exist on type '{}'.
src/components/patient/Button.tsx(4,78): error TS2339: Property 'isLoading' does not exist on type '{}'.
src/components/patient/Button.tsx(20,24): error TS2339: Property 'size' does not exist on type '{}'.
src/components/patient/Button.tsx(24,13): error TS2322: Type 'ForwardedRef<unknown>' is not assignable to type 'Ref<HTMLButtonElement> | undefined'.
  Type 'RefObject<unknown>' is not assignable to type 'Ref<HTMLButtonElement> | undefined'.
    Type 'RefObject<unknown>' is not assignable to type 'RefObject<HTMLButtonElement | null>'.
      Type 'unknown' is not assignable to type 'HTMLButtonElement | null'.
src/components/patient/Button.tsx(25,39): error TS7053: Element implicitly has an 'any' type because expression of type 'any' can't be used to index type '{ primary: string; secondary: string; outline: string; ghost: string; }'.
src/components/patient/Button.tsx(25,58): error TS7053: Element implicitly has an 'any' type because expression of type 'any' can't be used to index type '{ sm: string; md: string; lg: string; }'.
src/components/patient/Button.tsx(26,42): error TS2339: Property 'disabled' does not exist on type '{}'.
src/components/patient/InputField.tsx(5,20): error TS7019: Rest parameter 'inputs' implicitly has an 'any[]' type.
src/components/patient/InputField.tsx(9,40): error TS2339: Property 'label' does not exist on type '{}'.
src/components/patient/InputField.tsx(9,47): error TS2339: Property 'id' does not exist on type '{}'.
src/components/patient/InputField.tsx(9,51): error TS2339: Property 'error' does not exist on type '{}'.
src/components/patient/InputField.tsx(9,58): error TS2339: Property 'className' does not exist on type '{}'.
src/components/patient/InputField.tsx(19,17): error TS2322: Type 'ForwardedRef<unknown>' is not assignable to type 'Ref<HTMLInputElement> | undefined'.
  Type 'RefObject<unknown>' is not assignable to type 'Ref<HTMLInputElement> | undefined'.
    Type 'RefObject<unknown>' is not assignable to type 'RefObject<HTMLInputElement | null>'.
      Type 'unknown' is not assignable to type 'HTMLInputElement | null'.
src/components/patient/SelectDropdown.tsx(5,44): error TS2339: Property 'label' does not exist on type '{}'.
src/components/patient/SelectDropdown.tsx(5,51): error TS2339: Property 'id' does not exist on type '{}'.
src/components/patient/SelectDropdown.tsx(5,55): error TS2339: Property 'options' does not exist on type '{}'.
src/components/patient/SelectDropdown.tsx(5,64): error TS2339: Property 'error' does not exist on type '{}'.
src/components/patient/SelectDropdown.tsx(5,71): error TS2339: Property 'className' does not exist on type '{}'.
src/components/patient/SelectDropdown.tsx(16,21): error TS2322: Type 'ForwardedRef<unknown>' is not assignable to type 'Ref<HTMLSelectElement> | undefined'.
  Type 'RefObject<unknown>' is not assignable to type 'Ref<HTMLSelectElement> | undefined'.
    Type 'RefObject<unknown>' is not assignable to type 'RefObject<HTMLSelectElement | null>'.
      Type 'unknown' is not assignable to type 'HTMLSelectElement | null'.
src/components/patient/SelectDropdown.tsx(27,35): error TS7006: Parameter 'opt' implicitly has an 'any' type.
src/components/patient/Sidebar.tsx(1,1): error TS6133: 'React' is declared but its value is never read.
src/components/patient/StatCard.tsx(1,1): error TS6133: 'React' is declared but its value is never read.
src/components/patient/StatCard.tsx(4,21): error TS7031: Binding element 'title' implicitly has an 'any' type.
src/components/patient/StatCard.tsx(4,28): error TS7031: Binding element 'value' implicitly has an 'any' type.
src/components/patient/StatCard.tsx(4,41): error TS7031: Binding element 'Icon' implicitly has an 'any' type.
src/components/patient/StatCard.tsx(4,47): error TS7031: Binding element 'trend' implicitly has an 'any' type.
src/components/patient/StatCard.tsx(4,54): error TS7031: Binding element 'trendValue' implicitly has an 'any' type.
src/components/patient/StatCard.tsx(4,66): error TS7031: Binding element 'className' implicitly has an 'any' type.
src/components/patient/TextareaField.tsx(4,43): error TS2339: Property 'label' does not exist on type '{}'.
src/components/patient/TextareaField.tsx(4,50): error TS2339: Property 'id' does not exist on type '{}'.
src/components/patient/TextareaField.tsx(4,54): error TS2339: Property 'error' does not exist on type '{}'.
src/components/patient/TextareaField.tsx(4,61): error TS2339: Property 'className' does not exist on type '{}'.
src/components/patient/TextareaField.tsx(14,17): error TS2322: Type 'ForwardedRef<unknown>' is not assignable to type 'Ref<HTMLTextAreaElement> | undefined'.
  Type 'RefObject<unknown>' is not assignable to type 'Ref<HTMLTextAreaElement> | undefined'.
    Type 'RefObject<unknown>' is not assignable to type 'RefObject<HTMLTextAreaElement | null>'.
      Type 'unknown' is not assignable to type 'HTMLTextAreaElement | null'.
src/pages/admin/AIResponseEditor.tsx(1,8): error TS6133: 'React' is declared but its value is never read.
src/pages/admin/AIResponseEditor.tsx(27,22): error TS2322: Type '{ children: string; onClick: () => void | Promise<void>; }' is not assignable to type 'IntrinsicAttributes & RefAttributes<unknown>'.
  Property 'children' does not exist on type 'IntrinsicAttributes & RefAttributes<unknown>'.
src/pages/admin/AIResponseEditor.tsx(129,38): error TS2322: Type '{ children: (string | Element)[]; variant: string; size: string; className: string; }' is not assignable to type 'IntrinsicAttributes & RefAttributes<unknown>'.
  Property 'children' does not exist on type 'IntrinsicAttributes & RefAttributes<unknown>'.
src/pages/admin/AIResponseEditor.tsx(138,37): error TS2322: Type '{ id: string; className: string; value: string; onChange: (e: any) => void; }' is not assignable to type 'IntrinsicAttributes & RefAttributes<unknown>'.
  Property 'id' does not exist on type 'IntrinsicAttributes & RefAttributes<unknown>'.
src/pages/admin/AIResponseEditor.tsx(141,48): error TS7006: Parameter 'e' implicitly has an 'any' type.
src/pages/admin/AIResponseEditor.tsx(149,34): error TS2322: Type '{ children: (string | Element)[]; size: string; className: string; onClick: () => Promise<void>; isLoading: boolean; }' is not assignable to type 'IntrinsicAttributes & RefAttributes<unknown>'.
  Property 'children' does not exist on type 'IntrinsicAttributes & RefAttributes<unknown>'.
src/pages/admin/Appointments.tsx(1,8): error TS6133: 'React' is declared but its value is never read.
src/pages/admin/Appointments.tsx(10,11): error TS6133: 'navigate' is declared but its value is never read.
src/pages/admin/Appointments.tsx(32,11): error TS2339: Property 'patient_name' does not exist on type 'never'.
src/pages/admin/Appointments.tsx(33,11): error TS2339: Property 'department' does not exist on type 'never'.
src/pages/admin/Appointments.tsx(34,11): error TS2339: Property 'doctor' does not exist on type 'never'.
src/pages/admin/Appointments.tsx(71,34): error TS2322: Type '{ children: (string | Element)[]; variant: string; className: string; }' is not assignable to type 'IntrinsicAttributes & RefAttributes<unknown>'.
  Property 'children' does not exist on type 'IntrinsicAttributes & RefAttributes<unknown>'.
src/pages/admin/Appointments.tsx(96,53): error TS2322: Type 'string' is not assignable to type 'number'.
src/pages/admin/Appointments.tsx(100,63): error TS2339: Property 'id' does not exist on type 'never'.
src/pages/admin/Appointments.tsx(102,107): error TS2339: Property 'patient_name' does not exist on type 'never'.
src/pages/admin/Appointments.tsx(103,103): error TS2339: Property 'phone' does not exist on type 'never'.
src/pages/admin/Appointments.tsx(105,108): error TS2339: Property 'department' does not exist on type 'never'.
src/pages/admin/Appointments.tsx(106,108): error TS2339: Property 'doctor' does not exist on type 'never'.
src/pages/admin/Appointments.tsx(108,72): error TS2339: Property 'appointment_date' does not exist on type 'never'.
src/pages/admin/Appointments.tsx(109,116): error TS2339: Property 'time_slot' does not exist on type 'never'.
src/pages/admin/Appointments.tsx(112,150): error TS2339: Property 'status' does not exist on type 'never'.
src/pages/admin/Appointments.tsx(114,67): error TS2339: Property 'status' does not exist on type 'never'.
src/pages/admin/Appointments.tsx(114,105): error TS2339: Property 'status' does not exist on type 'never'.
src/pages/admin/Appointments.tsx(118,58): error TS2322: Type '{ children: string; size: string; variant: string; }' is not assignable to type 'IntrinsicAttributes & RefAttributes<unknown>'.
  Property 'children' does not exist on type 'IntrinsicAttributes & RefAttributes<unknown>'.
src/pages/admin/QueryDashboard.tsx(1,8): error TS6133: 'React' is declared but its value is never read.
src/pages/admin/QueryDashboard.tsx(3,10): error TS6133: 'Activity' is declared but its value is never read.
src/pages/admin/QueryDashboard.tsx(32,43): error TS2339: Property 'status' does not exist on type 'never'.
src/pages/admin/QueryDashboard.tsx(33,44): error TS2339: Property 'status' does not exist on type 'never'.
src/pages/admin/QueryDashboard.tsx(36,11): error TS2339: Property 'name' does not exist on type 'never'.
src/pages/admin/QueryDashboard.tsx(37,11): error TS2339: Property 'department' does not exist on type 'never'.
src/pages/admin/QueryDashboard.tsx(58,26): error TS2741: Property 'className' is missing in type '{ title: string; value: number; icon: ForwardRefExoticComponent<Omit<LucideProps, "ref"> & RefAttributes<SVGSVGElement>>; trend: string; trendValue: string; }' but required in type '{ title: any; value: any; icon: any; trend: any; trendValue: any; className: any; }'.
src/pages/admin/QueryDashboard.tsx(65,26): error TS2739: Type '{ title: string; value: number; icon: ForwardRefExoticComponent<Omit<LucideProps, "ref"> & RefAttributes<SVGSVGElement>>; className: string; }' is missing the following properties from type '{ title: any; value: any; icon: any; trend: any; trendValue: any; className: any; }': trend, trendValue
src/pages/admin/QueryDashboard.tsx(71,26): error TS2739: Type '{ title: string; value: number; icon: ForwardRefExoticComponent<Omit<LucideProps, "ref"> & RefAttributes<SVGSVGElement>>; className: string; }' is missing the following properties from type '{ title: any; value: any; icon: any; trend: any; trendValue: any; className: any; }': trend, trendValue
src/pages/admin/QueryDashboard.tsx(93,34): error TS2322: Type '{ children: (string | Element)[]; variant: string; className: string; }' is not assignable to type 'IntrinsicAttributes & RefAttributes<unknown>'.
  Property 'children' does not exist on type 'IntrinsicAttributes & RefAttributes<unknown>'.
src/pages/admin/QueryDashboard.tsx(118,53): error TS2322: Type 'string' is not assignable to type 'number'.
src/pages/admin/QueryDashboard.tsx(122,64): error TS2339: Property 'id' does not exist on type 'never'.
src/pages/admin/QueryDashboard.tsx(124,108): error TS2339: Property 'name' does not exist on type 'never'.
src/pages/admin/QueryDashboard.tsx(125,104): error TS2339: Property 'email' does not exist on type 'never'.
src/pages/admin/QueryDashboard.tsx(127,109): error TS2339: Property 'department' does not exist on type 'never'.
src/pages/admin/QueryDashboard.tsx(129,73): error TS2339: Property 'created_at' does not exist on type 'never'.
src/pages/admin/QueryDashboard.tsx(132,151): error TS2339: Property 'urgency_level' does not exist on type 'never'.
src/pages/admin/QueryDashboard.tsx(133,71): error TS2339: Property 'urgency_level' does not exist on type 'never'.
src/pages/admin/QueryDashboard.tsx(136,68): error TS2339: Property 'urgency_level' does not exist on type 'never'.
src/pages/admin/QueryDashboard.tsx(140,151): error TS2339: Property 'status' does not exist on type 'never'.
src/pages/admin/QueryDashboard.tsx(142,68): error TS2339: Property 'status' does not exist on type 'never'.
src/pages/admin/QueryDashboard.tsx(142,107): error TS2339: Property 'status' does not exist on type 'never'.
src/pages/admin/QueryDashboard.tsx(146,58): error TS2322: Type '{ children: string; size: string; variant: string; onClick: () => void | Promise<void>; }' is not assignable to type 'IntrinsicAttributes & RefAttributes<unknown>'.
  Property 'children' does not exist on type 'IntrinsicAttributes & RefAttributes<unknown>'.
src/pages/admin/QueryDashboard.tsx(148,76): error TS2339: Property 'status' does not exist on type 'never'.
src/pages/admin/QueryDashboard.tsx(149,108): error TS2339: Property 'id' does not exist on type 'never'.
src/pages/admin/QueryDashboard.tsx(151,68): error TS2339: Property 'status' does not exist on type 'never'.
src/pages/patient/Appointment.tsx(1,8): error TS6133: 'React' is declared but its value is never read.
src/pages/patient/Appointment.tsx(46,27): error TS7006: Parameter 'e' implicitly has an 'any' type.
src/pages/patient/Appointment.tsx(51,33): error TS7006: Parameter 'e' implicitly has an 'any' type.
src/pages/patient/Appointment.tsx(92,37): error TS2322: Type '{ label: string; id: string; placeholder: string; required: true; value: string; onChange: (e: any) => void; }' is not assignable to type 'IntrinsicAttributes & RefAttributes<unknown>'.
  Property 'label' does not exist on type 'IntrinsicAttributes & RefAttributes<unknown>'.
src/pages/patient/Appointment.tsx(100,37): error TS2322: Type '{ label: string; id: string; type: string; placeholder: string; required: true; value: string; onChange: (e: any) => void; }' is not assignable to type 'IntrinsicAttributes & RefAttributes<unknown>'.
  Property 'label' does not exist on type 'IntrinsicAttributes & RefAttributes<unknown>'.
src/pages/patient/Appointment.tsx(109,37): error TS2322: Type '{ label: string; id: string; type: string; placeholder: string; required: true; value: string; onChange: (e: any) => void; }' is not assignable to type 'IntrinsicAttributes & RefAttributes<unknown>'.
  Property 'label' does not exist on type 'IntrinsicAttributes & RefAttributes<unknown>'.
src/pages/patient/Appointment.tsx(118,37): error TS2322: Type '{ label: string; id: string; options: { value: string; label: string; }[]; required: true; value: string; onChange: (e: any) => void; }' is not assignable to type 'IntrinsicAttributes & RefAttributes<unknown>'.
  Property 'label' does not exist on type 'IntrinsicAttributes & RefAttributes<unknown>'.
src/pages/patient/Appointment.tsx(129,37): error TS2322: Type '{ label: string; id: string; placeholder: string; value: string; onChange: (e: any) => void; }' is not assignable to type 'IntrinsicAttributes & RefAttributes<unknown>'.
  Property 'label' does not exist on type 'IntrinsicAttributes & RefAttributes<unknown>'.
src/pages/patient/Appointment.tsx(140,37): error TS2322: Type '{ label: string; id: string; type: string; required: true; value: string; onChange: (e: any) => void; }' is not assignable to type 'IntrinsicAttributes & RefAttributes<unknown>'.
  Property 'label' does not exist on type 'IntrinsicAttributes & RefAttributes<unknown>'.
src/pages/patient/Appointment.tsx(148,37): error TS2322: Type '{ label: string; id: string; options: { value: string; label: string; }[]; required: true; value: string; onChange: (e: any) => void; }' is not assignable to type 'IntrinsicAttributes & RefAttributes<unknown>'.
  Property 'label' does not exist on type 'IntrinsicAttributes & RefAttributes<unknown>'.
src/pages/patient/Appointment.tsx(159,37): error TS2322: Type '{ label: string; id: string; placeholder: string; rows: number; required: true; value: string; onChange: (e: any) => void; }' is not assignable to type 'IntrinsicAttributes & RefAttributes<unknown>'.
  Property 'label' does not exist on type 'IntrinsicAttributes & RefAttributes<unknown>'.
src/pages/patient/Appointment.tsx(170,34): error TS2322: Type '{ children: string; type: string; size: string; className: string; isLoading: boolean; }' is not assignable to type 'IntrinsicAttributes & RefAttributes<unknown>'.
  Property 'children' does not exist on type 'IntrinsicAttributes & RefAttributes<unknown>'.
src/pages/patient/Confirmation.tsx(1,1): error TS6133: 'React' is declared but its value is never read.
src/pages/patient/Confirmation.tsx(41,30): error TS2322: Type '{ children: string; variant: string; className: string; }' is not assignable to type 'IntrinsicAttributes & RefAttributes<unknown>'.
  Property 'children' does not exist on type 'IntrinsicAttributes & RefAttributes<unknown>'.
src/pages/patient/Confirmation.tsx(46,30): error TS2322: Type '{ children: (string | Element)[]; className: string; }' is not assignable to type 'IntrinsicAttributes & RefAttributes<unknown>'.
  Property 'children' does not exist on type 'IntrinsicAttributes & RefAttributes<unknown>'.
src/pages/patient/Home.tsx(1,1): error TS6133: 'React' is declared but its value is never read.
src/pages/patient/Home.tsx(3,20): error TS6133: 'Calendar' is declared but its value is never read.
src/pages/patient/Home.tsx(3,77): error TS6133: 'Users' is declared but its value is never read.
src/pages/patient/Home.tsx(36,34): error TS2322: Type '{ children: (string | Element)[]; size: string; className: string; }' is not assignable to type 'IntrinsicAttributes & RefAttributes<unknown>'.
  Property 'children' does not exist on type 'IntrinsicAttributes & RefAttributes<unknown>'.
src/pages/patient/Home.tsx(43,34): error TS2322: Type '{ children: (string | Element)[]; variant: string; size: string; className: string; }' is not assignable to type 'IntrinsicAttributes & RefAttributes<unknown>'.
  Property 'children' does not exist on type 'IntrinsicAttributes & RefAttributes<unknown>'.
src/pages/patient/PatientQuery.tsx(1,8): error TS6133: 'React' is declared but its value is never read.
src/pages/patient/PatientQuery.tsx(41,27): error TS7006: Parameter 'e' implicitly has an 'any' type.
src/pages/patient/PatientQuery.tsx(46,33): error TS7006: Parameter 'e' implicitly has an 'any' type.
src/pages/patient/PatientQuery.tsx(87,37): error TS2322: Type '{ label: string; id: string; placeholder: string; required: true; value: string; onChange: (e: any) => void; }' is not assignable to type 'IntrinsicAttributes & RefAttributes<unknown>'.
  Property 'label' does not exist on type 'IntrinsicAttributes & RefAttributes<unknown>'.
src/pages/patient/PatientQuery.tsx(95,37): error TS2322: Type '{ label: string; id: string; type: string; placeholder: string; required: true; value: string; onChange: (e: any) => void; }' is not assignable to type 'IntrinsicAttributes & RefAttributes<unknown>'.
  Property 'label' does not exist on type 'IntrinsicAttributes & RefAttributes<unknown>'.
src/pages/patient/PatientQuery.tsx(104,37): error TS2322: Type '{ label: string; id: string; type: string; placeholder: string; required: true; value: string; onChange: (e: any) => void; }' is not assignable to type 'IntrinsicAttributes & RefAttributes<unknown>'.
  Property 'label' does not exist on type 'IntrinsicAttributes & RefAttributes<unknown>'.
src/pages/patient/PatientQuery.tsx(113,37): error TS2322: Type '{ label: string; id: string; options: { value: string; label: string; }[]; required: true; value: string; onChange: (e: any) => void; }' is not assignable to type 'IntrinsicAttributes & RefAttributes<unknown>'.
  Property 'label' does not exist on type 'IntrinsicAttributes & RefAttributes<unknown>'.
src/pages/patient/PatientQuery.tsx(124,37): error TS2322: Type '{ label: string; id: string; placeholder: string; rows: number; required: true; value: string; onChange: (e: any) => void; }' is not assignable to type 'IntrinsicAttributes & RefAttributes<unknown>'.
  Property 'label' does not exist on type 'IntrinsicAttributes & RefAttributes<unknown>'.
src/pages/patient/PatientQuery.tsx(133,37): error TS2322: Type '{ label: string; id: string; placeholder: string; rows: number; value: string; onChange: (e: any) => void; }' is not assignable to type 'IntrinsicAttributes & RefAttributes<unknown>'.
  Property 'label' does not exist on type 'IntrinsicAttributes & RefAttributes<unknown>'.
src/pages/patient/PatientQuery.tsx(144,37): error TS2322: Type '{ label: string; id: string; options: { value: string; label: string; }[]; required: true; value: string; onChange: (e: any) => void; }' is not assignable to type 'IntrinsicAttributes & RefAttributes<unknown>'.
  Property 'label' does not exist on type 'IntrinsicAttributes & RefAttributes<unknown>'.
src/pages/patient/PatientQuery.tsx(154,34): error TS2322: Type '{ children: string; type: string; size: string; className: string; isLoading: boolean; }' is not assignable to type 'IntrinsicAttributes & RefAttributes<unknown>'.
  Property 'children' does not exist on type 'IntrinsicAttributes & RefAttributes<unknown>'.
src/pages/patient/TrackStatus.tsx(1,8): error TS6133: 'React' is declared but its value is never read.
src/pages/patient/TrackStatus.tsx(15,33): error TS7006: Parameter 'e' implicitly has an 'any' type.
src/pages/patient/TrackStatus.tsx(56,33): error TS2322: Type '{ id: string; placeholder: string; value: string; onChange: (e: any) => void; }' is not assignable to type 'IntrinsicAttributes & RefAttributes<unknown>'.
  Property 'id' does not exist on type 'IntrinsicAttributes & RefAttributes<unknown>'.
src/pages/patient/TrackStatus.tsx(59,44): error TS7006: Parameter 'e' implicitly has an 'any' type.
src/pages/patient/TrackStatus.tsx(62,26): error TS2322: Type '{ children: (string | Element)[]; type: string; className: string; isLoading: boolean; }' is not assignable to type 'IntrinsicAttributes & RefAttributes<unknown>'.
  Property 'children' does not exist on type 'IntrinsicAttributes & RefAttributes<unknown>'.
src/pages/patient/TrackStatus.tsx(74,111): error TS2339: Property 'created_at' does not exist on type 'never'.
src/pages/patient/TrackStatus.tsx(76,129): error TS2339: Property 'status' does not exist on type 'never'.
src/pages/patient/TrackStatus.tsx(80,46): error TS2339: Property 'status' does not exist on type 'never'.
src/pages/patient/TrackStatus.tsx(81,46): error TS2339: Property 'status' does not exist on type 'never'.
src/pages/patient/TrackStatus.tsx(81,91): error TS2339: Property 'status' does not exist on type 'never'.
src/pages/patient/TrackStatus.tsx(88,88): error TS2339: Property 'name' does not exist on type 'never'.
src/pages/patient/TrackStatus.tsx(92,88): error TS2339: Property 'department' does not exist on type 'never'.
src/pages/patient/TrackStatus.tsx(98,96): error TS2339: Property 'symptoms' does not exist on type 'never'.
src/pages/patient/TrackStatus.tsx(101,38): error TS2339: Property 'status' does not exist on type 'never'.
src/pages/patient/TrackStatus.tsx(112,38): error TS2339: Property 'status' does not exist on type 'never'.
src/services/appointmentService.ts(1,26): error TS2307: Cannot find module '../supabase/supabaseClient' or its corresponding type declarations.
src/services/appointmentService.ts(8,41): error TS7006: Parameter 'appointmentData' implicitly has an 'any' type.
src/services/queryService.ts(1,26): error TS2307: Cannot find module '../supabase/supabaseClient' or its corresponding type declarations.
src/services/queryService.ts(13,42): error TS7006: Parameter 'queryData' implicitly has an 'any' type.
src/services/queryService.ts(76,41): error TS7006: Parameter 'id' implicitly has an 'any' type.
src/services/queryService.ts(76,45): error TS7006: Parameter 'status' implicitly has an 'any' type.
src/services/queryService.ts(91,36): error TS7006: Parameter 'id' implicitly has an 'any' type.
